## Downloads for v1.16.1

### Source Code

filename | sha512 hash
-------- | -----------
[kubernetes.tar.gz](https://dl.k8s.io/v1.16.1/kubernetes.tar.gz) | 27864cc5219a951a7a6e52b8c8dddf6981d098da1658d96258c870b2c88dfbcb51841aea172a28bafa6a79731165584677066045c959ed0f9929688d04defc29
[kubernetes-src.tar.gz](https://dl.k8s.io/v1.16.1/kubernetes-src.tar.gz) | 27864cc5219a951a7a6e52b8c8dddf6981d098da1658d96258c870b2c88dfbcb51841aea172a28bafa6a79731165584677066045c959ed0f9929688d04defc29

### Client Binaries

filename | sha512 hash
-------- | -----------
[kubernetes-client-darwin-386.tar.gz](https://dl.k8s.io/v1.16.1/kubernetes-client-darwin-386.tar.gz) | 27864cc5219a951a7a6e52b8c8dddf6981d098da1658d96258c870b2c88dfbcb51841aea172a28bafa6a79731165584677066045c959ed0f9929688d04defc29
[kubernetes-client-darwin-amd64.tar.gz](https://dl.k8s.io/v1.16.1/kubernetes-client-darwin-amd64.tar.gz) | 27864cc5219a951a7a6e52b8c8dddf6981d098da1658d96258c870b2c88dfbcb51841aea172a28bafa6a79731165584677066045c959ed0f9929688d04defc29
[kubernetes-client-linux-386.tar.gz](https://dl.k8s.io/v1.16.1/kubernetes-client-linux-386.tar.gz) | 27864cc5219a951a7a6e52b8c8dddf6981d098da1658d96258c870b2c88dfbcb51841aea172a28bafa6a79731165584677066045c959ed0f9929688d04defc29
[kubernetes-client-linux-amd64.tar.gz](https://dl.k8s.io/v1.16.1/kubernetes-client-linux-amd64.tar.gz) | 27864cc5219a951a7a6e52b8c8dddf6981d098da1658d96258c870b2c88dfbcb51841aea172a28bafa6a79731165584677066045c959ed0f9929688d04defc29
[kubernetes-client-linux-arm.tar.gz](https://dl.k8s.io/v1.16.1/kubernetes-client-linux-arm.tar.gz) | 27864cc5219a951a7a6e52b8c8dddf6981d098da1658d96258c870b2c88dfbcb51841aea172a28bafa6a79731165584677066045c959ed0f9929688d04defc29
[kubernetes-client-linux-arm64.tar.gz](https://dl.k8s.io/v1.16.1/kubernetes-client-linux-arm64.tar.gz) | 27864cc5219a951a7a6e52b8c8dddf6981d098da1658d96258c870b2c88dfbcb51841aea172a28bafa6a79731165584677066045c959ed0f9929688d04defc29
[kubernetes-client-linux-ppc64le.tar.gz](https://dl.k8s.io/v1.16.1/kubernetes-client-linux-ppc64le.tar.gz) | 27864cc5219a951a7a6e52b8c8dddf6981d098da1658d96258c870b2c88dfbcb51841aea172a28bafa6a79731165584677066045c959ed0f9929688d04defc29
[kubernetes-client-linux-s390x.tar.gz](https://dl.k8s.io/v1.16.1/kubernetes-client-linux-s390x.tar.gz) | 27864cc5219a951a7a6e52b8c8dddf6981d098da1658d96258c870b2c88dfbcb51841aea172a28bafa6a79731165584677066045c959ed0f9929688d04defc29
[kubernetes-client-windows-386.tar.gz](https://dl.k8s.io/v1.16.1/kubernetes-client-windows-386.tar.gz) | 27864cc5219a951a7a6e52b8c8dddf6981d098da1658d96258c870b2c88dfbcb51841aea172a28bafa6a79731165584677066045c959ed0f9929688d04defc29
[kubernetes-client-windows-amd64.tar.gz](https://dl.k8s.io/v1.16.1/kubernetes-client-windows-amd64.tar.gz) | 27864cc5219a951a7a6e52b8c8dddf6981d098da1658d96258c870b2c88dfbcb51841aea172a28bafa6a79731165584677066045c959ed0f9929688d04defc29

### Server Binaries

filename | sha512 hash
-------- | -----------
[kubernetes-server-linux-amd64.tar.gz](https://dl.k8s.io/v1.16.1/kubernetes-server-linux-amd64.tar.gz) | 27864cc5219a951a7a6e52b8c8dddf6981d098da1658d96258c870b2c88dfbcb51841aea172a28bafa6a79731165584677066045c959ed0f9929688d04defc29
[kubernetes-server-linux-arm.tar.gz](https://dl.k8s.io/v1.16.1/kubernetes-server-linux-arm.tar.gz) | 27864cc5219a951a7a6e52b8c8dddf6981d098da1658d96258c870b2c88dfbcb51841aea172a28bafa6a79731165584677066045c959ed0f9929688d04defc29
[kubernetes-server-linux-arm64.tar.gz](https://dl.k8s.io/v1.16.1/kubernetes-server-linux-arm64.tar.gz) | 27864cc5219a951a7a6e52b8c8dddf6981d098da1658d96258c870b2c88dfbcb51841aea172a28bafa6a79731165584677066045c959ed0f9929688d04defc29
[kubernetes-server-linux-ppc64le.tar.gz](https://dl.k8s.io/v1.16.1/kubernetes-server-linux-ppc64le.tar.gz) | 27864cc5219a951a7a6e52b8c8dddf6981d098da1658d96258c870b2c88dfbcb51841aea172a28bafa6a79731165584677066045c959ed0f9929688d04defc29
[kubernetes-server-linux-s390x.tar.gz](https://dl.k8s.io/v1.16.1/kubernetes-server-linux-s390x.tar.gz) | 27864cc5219a951a7a6e52b8c8dddf6981d098da1658d96258c870b2c88dfbcb51841aea172a28bafa6a79731165584677066045c959ed0f9929688d04defc29

### Node Binaries

filename | sha512 hash
-------- | -----------
[kubernetes-node-linux-amd64.tar.gz](https://dl.k8s.io/v1.16.1/kubernetes-node-linux-amd64.tar.gz) | 27864cc5219a951a7a6e52b8c8dddf6981d098da1658d96258c870b2c88dfbcb51841aea172a28bafa6a79731165584677066045c959ed0f9929688d04defc29
[kubernetes-node-linux-arm.tar.gz](https://dl.k8s.io/v1.16.1/kubernetes-node-linux-arm.tar.gz) | 27864cc5219a951a7a6e52b8c8dddf6981d098da1658d96258c870b2c88dfbcb51841aea172a28bafa6a79731165584677066045c959ed0f9929688d04defc29
[kubernetes-node-linux-arm64.tar.gz](https://dl.k8s.io/v1.16.1/kubernetes-node-linux-arm64.tar.gz) | 27864cc5219a951a7a6e52b8c8dddf6981d098da1658d96258c870b2c88dfbcb51841aea172a28bafa6a79731165584677066045c959ed0f9929688d04defc29
[kubernetes-node-linux-ppc64le.tar.gz](https://dl.k8s.io/v1.16.1/kubernetes-node-linux-ppc64le.tar.gz) | 27864cc5219a951a7a6e52b8c8dddf6981d098da1658d96258c870b2c88dfbcb51841aea172a28bafa6a79731165584677066045c959ed0f9929688d04defc29
[kubernetes-node-linux-s390x.tar.gz](https://dl.k8s.io/v1.16.1/kubernetes-node-linux-s390x.tar.gz) | 27864cc5219a951a7a6e52b8c8dddf6981d098da1658d96258c870b2c88dfbcb51841aea172a28bafa6a79731165584677066045c959ed0f9929688d04defc29
[kubernetes-node-windows-amd64.tar.gz](https://dl.k8s.io/v1.16.1/kubernetes-node-windows-amd64.tar.gz) | 27864cc5219a951a7a6e52b8c8dddf6981d098da1658d96258c870b2c88dfbcb51841aea172a28bafa6a79731165584677066045c959ed0f9929688d04defc29

## Urgent Upgrade Notes 

### (No, really, you MUST read this before you upgrade)

- Action required note.
 
## Changes by Kind

### Deprecation

- Deprecation #1.
- This note is duplicated across SIGs.

### Feature

- A feature.

### Design

- Design change.

### Documentation

- Update docs.

### Failing Test

- Fix a failing test.

### Bug or Regression

- Bugfix.
- This note was prepended with a dash (-) initially.
- This note was prepended with a star (*) initially.

### Other (Cleanup or Flake)

- Clean up.
- Fix a flakey test.

### Uncategorized

- Uncategorized note.